// Jest Snapshot v1, https://goo.gl/fbAQLP

exports[`<App /> should be render without problem 1`] = `
<BrowserRouter>
  <div
    className="App"
  >
    <HeaderComponent />
    <div
      className="container"
    >
      <Suspense
        fallback={
          <div
            className="spinner-border"
            role="status"
          >
            <span
              className="sr-only"
            >
              Loading...
            </span>
          </div>
        }
      >
        <MainComponent />
      </Suspense>
    </div>
  </div>
</BrowserRouter>
`;
